// Jest Snapshot v1, https://goo.gl/fbAQLP

exports[`should match editExpense page 1`] = `
<div>
  <ExpenseForm
    expense={
      Object {
        "amount": 123,
        "createdAt": 345600000,
        "description": "Light",
        "id": "3",
        "note": "Electricity bill",
      }
    }
    onSubmit={[Function]}
  />
  <button
    onClick={[Function]}
  >
    Remove
  </button>
</div>
`;
