// Jest Snapshot v1, https://goo.gl/fbAQLP

exports[`should test snapshot of expenselistitem 1`] = `
<div>
  <Link
    replace={false}
    to="/edit/1"
  >
    <h2>
      Internet
    </h2>
  </Link>
  <p>
    1293
     - 
    0
  </p>
</div>
`;
